[theembazaar.com/tf/educate/index.html]
[backblue.gif]
[fade.gif]
[index.html]
[theembazaar.com/tf/educate/favicon.ico]
[theembazaar.com/tf/educate/assets/css/bootstrap.css]
[theembazaar.com/tf/educate/assets/css/font-awesome.css]
[theembazaar.com/tf/educate/assets/css/ionicons.css]
[theembazaar.com/tf/educate/assets/css/jquery.fancybox.css]
[theembazaar.com/tf/educate/assets/css/prettyPhoto.css]
[theembazaar.com/tf/educate/assets/css/plugin/owl.carousel.css]
[theembazaar.com/tf/educate/assets/css/settings.css]
[theembazaar.com/tf/educate/assets/css/layers.css]
[theembazaar.com/tf/educate/assets/css/style.css]
[theembazaar.com/tf/educate/assets/css/bootsnav.css]
[theembazaar.com/tf/educate/assets/css/index1.css]
[theembazaar.com/tf/educate/index-2.html]
[theembazaar.com/tf/educate/assets/images/logo.png]
[theembazaar.com/tf/educate/index2.html]
[theembazaar.com/tf/educate/index3.html]
[theembazaar.com/tf/educate/about.html]
[theembazaar.com/tf/educate/about2.html]
[theembazaar.com/tf/educate/about3.html]
[theembazaar.com/tf/educate/history.html]
[theembazaar.com/tf/educate/career.html]
[theembazaar.com/tf/educate/partnerships.html]
[theembazaar.com/tf/educate/leadership.html]
[theembazaar.com/tf/educate/courses.html]
[theembazaar.com/tf/educate/courses-details.html]
[theembazaar.com/tf/educate/blog.html]
[theembazaar.com/tf/educate/blog-detail.html]
[theembazaar.com/tf/educate/event.html]
[theembazaar.com/tf/educate/event-details.html]
[theembazaar.com/tf/educate/portfolio-grid.html]
[theembazaar.com/tf/educate/portfolio-masonry.html]
[theembazaar.com/tf/educate/portfolio-single.html]
[theembazaar.com/tf/educate/lecturers.html]
[theembazaar.com/tf/educate/lecturers2.html]
[theembazaar.com/tf/educate/lecturer-details.html]
[theembazaar.com/tf/educate/pricing.html]
[theembazaar.com/tf/educate/faq.html]
[theembazaar.com/tf/educate/register.html]
[theembazaar.com/tf/educate/login.html]
[theembazaar.com/tf/educate/testimonial.html]
[theembazaar.com/tf/educate/404.html]
[theembazaar.com/tf/educate/blank.html]
[theembazaar.com/tf/educate/shop.html]
[theembazaar.com/tf/educate/shop-sidebar.html]
[theembazaar.com/tf/educate/shop-details.html]
[theembazaar.com/tf/educate/cart.html]
[theembazaar.com/tf/educate/checkout.html]
[theembazaar.com/tf/educate/contact.html]
[theembazaar.com/tf/educate/contact2.html]
[theembazaar.com/tf/educate/assets/images/banner/slider1.jpg]
[theembazaar.com/tf/educate/about_us.html]
[theembazaar.com/tf/educate/assets/images/banner/slider2.jpg]
[theembazaar.com/tf/educate/assets/images/banner/slider3.jpg]
[theembazaar.com/tf/educate/assets/images/about_img.png]
[theembazaar.com/tf/educate/assets/images/img1.jpg]
[theembazaar.com/tf/educate/assets/images/img2.jpg]
[theembazaar.com/tf/educate/assets/images/img3.jpg]
[theembazaar.com/tf/educate/assets/images/img4.jpg]
[theembazaar.com/tf/educate/assets/images/member-01.jpg]
[theembazaar.com/tf/educate/assets/images/member-02.jpg]
[theembazaar.com/tf/educate/assets/images/blog/blog-img1.jpg]
[theembazaar.com/tf/educate/blog-single.html]
[theembazaar.com/tf/educate/assets/images/blog/blog-img2.jpg]
[theembazaar.com/tf/educate/assets/images/blog/blog-img3.jpg]
[theembazaar.com/tf/educate/assets/images/footer-logo.png]
[theembazaar.com/tf/educate/assets/js/jquery.min.js]
[theembazaar.com/tf/educate/assets/js/plugin/jquery.easing.js]
[theembazaar.com/tf/educate/assets/js/bootstrap.min.js]
[theembazaar.com/tf/educate/assets/js/jquery.mousewheel-3.0.6.pack.js]
[theembazaar.com/tf/educate/assets/js/jquery.fancybox.pack.js]
[theembazaar.com/tf/educate/assets/js/plugin/owl.carousel.js]
[theembazaar.com/tf/educate/assets/js/imagesloaded.pkgd.min.js]
[theembazaar.com/tf/educate/assets/js/isotope.pkgd.min.js]
[theembazaar.com/tf/educate/assets/js/masonry.pkgd.min.js]
[theembazaar.com/tf/educate/assets/js/jquery.appear.js]
[theembazaar.com/tf/educate/assets/js/jquery.matchHeight-min.js]
[theembazaar.com/tf/educate/assets/js/jquery.parallax-1.1.3.js]
[theembazaar.com/tf/educate/assets/js/jquery.themepunch.tools.min.js]
[theembazaar.com/tf/educate/assets/js/jquery.themepunch.revolution.min.js]
[theembazaar.com/tf/educate/assets/extensions/revolution.extension.slideanims.min.js]
[theembazaar.com/tf/educate/assets/extensions/revolution.extension.layeranimation.min.js]
[theembazaar.com/tf/educate/assets/extensions/revolution.extension.navigation.min.js]
[theembazaar.com/tf/educate/assets/extensions/revolution.extension.parallax.min.js]
[theembazaar.com/tf/educate/assets/js/jquery.revolution.js]
[theembazaar.com/tf/educate/assets/js/custom.js]
[theembazaar.com/tf/educate/index.html]
[theembazaar.com/hosting_popup/js/hots_popup.js]
[theembazaar.com/tf/educate/assets/fonts/glyphicons-halflings-regular.eot]
[theembazaar.com/tf/educate/assets/fonts/glyphicons-halflings-regulard41d.eot]
[theembazaar.com/tf/educate/assets/fonts/glyphicons-halflings-regular.woff2]
[theembazaar.com/tf/educate/assets/fonts/glyphicons-halflings-regular.woff]
[theembazaar.com/tf/educate/assets/fonts/glyphicons-halflings-regular.ttf]
[theembazaar.com/tf/educate/assets/fonts/glyphicons-halflings-regular.svg]
[theembazaar.com/tf/educate/assets/css/bootstrap.css]
[theembazaar.com/tf/educate/assets/fonts/fontawesome-webfont3295.eot]
[theembazaar.com/tf/educate/assets/fonts/fontawesome-webfontd41d.eot]
[theembazaar.com/tf/educate/assets/fonts/fontawesome-webfont3295.woff2]
[theembazaar.com/tf/educate/assets/fonts/fontawesome-webfont3295.woff]
[theembazaar.com/tf/educate/assets/fonts/fontawesome-webfont3295.ttf]
[theembazaar.com/tf/educate/assets/css/font-awesome.css]
[theembazaar.com/tf/educate/assets/fonts/fontawesome-webfont3295.svg]
[theembazaar.com/tf/educate/assets/fonts/ionicons28b5.eot]
[theembazaar.com/tf/educate/assets/fonts/ionicons28b5.ttf]
[theembazaar.com/tf/educate/assets/fonts/ionicons28b5.woff]
[theembazaar.com/tf/educate/assets/css/ionicons.css]
[theembazaar.com/tf/educate/assets/fonts/ionicons28b5.svg]
[theembazaar.com/tf/educate/assets/images/light-box/fancybox_sprite.png]
[theembazaar.com/tf/educate/assets/images/light-box/fancybox_loading.gif]
[theembazaar.com/tf/educate/assets/images/light-box/blank.gif]
[theembazaar.com/tf/educate/assets/images/light-box/fancybox_overlay.png]
[theembazaar.com/tf/educate/assets/images/light-box/fancybox_sprite@2x.png]
[theembazaar.com/tf/educate/assets/images/light-box/fancybox_loading@2x.gif]
[theembazaar.com/tf/educate/assets/css/jquery.fancybox.css]
[theembazaar.com/tf/educate/assets/images/prettyPhoto/default/sprite.png]
[theembazaar.com/tf/educate/assets/images/prettyPhoto/default/sprite_x.png]
[theembazaar.com/tf/educate/assets/images/prettyPhoto/default/sprite_y.png]
[theembazaar.com/tf/educate/assets/images/prettyPhoto/default/sprite_next.png]
[theembazaar.com/tf/educate/assets/images/prettyPhoto/default/sprite_prev.png]
[theembazaar.com/tf/educate/assets/images/prettyPhoto/default/default_thumb.png]
[theembazaar.com/tf/educate/assets/images/prettyPhoto/default/loader.gif]
[theembazaar.com/tf/educate/assets/images/prettyPhoto/light_rounded/sprite.png]
[theembazaar.com/tf/educate/assets/images/prettyPhoto/light_rounded/btnNext.png]
[theembazaar.com/tf/educate/assets/images/prettyPhoto/light_rounded/btnPrevious.png]
[theembazaar.com/tf/educate/assets/images/prettyPhoto/light_rounded/loader.gif]
[theembazaar.com/tf/educate/assets/images/prettyPhoto/dark_rounded/sprite.png]
[theembazaar.com/tf/educate/assets/images/prettyPhoto/dark_rounded/contentPattern.png]
[theembazaar.com/tf/educate/assets/images/prettyPhoto/dark_rounded/btnNext.png]
[theembazaar.com/tf/educate/assets/images/prettyPhoto/dark_rounded/btnPrevious.png]
[theembazaar.com/tf/educate/assets/images/prettyPhoto/dark_rounded/loader.gif]
[theembazaar.com/tf/educate/assets/images/prettyPhoto/dark_square/loader.gif]
[theembazaar.com/tf/educate/assets/images/prettyPhoto/dark_square/sprite.png]
[theembazaar.com/tf/educate/assets/images/prettyPhoto/dark_square/btnNext.png]
[theembazaar.com/tf/educate/assets/images/prettyPhoto/dark_square/btnPrevious.png]
[theembazaar.com/tf/educate/assets/images/prettyPhoto/light_square/sprite.png]
[theembazaar.com/tf/educate/assets/images/prettyPhoto/light_square/btnNext.png]
[theembazaar.com/tf/educate/assets/images/prettyPhoto/light_square/btnPrevious.png]
[theembazaar.com/tf/educate/assets/images/prettyPhoto/facebook/sprite.png]
[theembazaar.com/tf/educate/assets/images/prettyPhoto/facebook/contentPatternTop.png]
[theembazaar.com/tf/educate/assets/images/prettyPhoto/facebook/contentPatternLeft.png]
[theembazaar.com/tf/educate/assets/images/prettyPhoto/facebook/contentPatternRight.png]
[theembazaar.com/tf/educate/assets/images/prettyPhoto/facebook/loader.gif]
[theembazaar.com/tf/educate/assets/images/prettyPhoto/facebook/btnNext.png]
[theembazaar.com/tf/educate/assets/images/prettyPhoto/facebook/btnPrevious.png]
[theembazaar.com/tf/educate/assets/images/prettyPhoto/facebook/contentPatternBottom.png]
[theembazaar.com/tf/educate/assets/images/prettyPhoto/facebook/default_thumbnail.gif]
[theembazaar.com/tf/educate/assets/css/prettyPhoto.css]
[theembazaar.com/tf/educate/assets/css/plugin/owl.video.play.png]
[theembazaar.com/tf/educate/assets/css/plugin/owl.carousel.css]
[theembazaar.com/tf/educate/assets/fonts/revicons/revicons90c6.eot]
[theembazaar.com/tf/educate/assets/fonts/revicons/revicons90c6.woff]
[theembazaar.com/tf/educate/assets/fonts/revicons/revicons90c6.ttf]
[theembazaar.com/tf/educate/assets/fonts/revicons/revicons90c6.svg]
[theembazaar.com/tf/educate/assets/css/openhand.cur]
[theembazaar.com/tf/educate/assets/css/closedhand.cur]
[theembazaar.com/tf/educate/assets/assets/gridtile.png]
[theembazaar.com/tf/educate/assets/assets/gridtile_white.png]
[theembazaar.com/tf/educate/assets/assets/gridtile_3x3.png]
[theembazaar.com/tf/educate/assets/assets/gridtile_3x3_white.png]
[theembazaar.com/tf/educate/assets/assets/coloredbg.png]
[theembazaar.com/tf/educate/assets/assets/loader.gif]
[theembazaar.com/tf/educate/assets/css/settings.css]
[theembazaar.com/tf/educate/assets/css/layers.css]
[theembazaar.com/tf/educate/assets/images/bg_1.jpg]
[theembazaar.com/tf/educate/assets/images/new_slider02.jpg]
[theembazaar.com/tf/educate/assets/images/slider-home-construction-02.jpg]
[theembazaar.com/tf/educate/assets/images/02.jpg]
[theembazaar.com/tf/educate/assets/images/white-texture.jpg]
[theembazaar.com/tf/educate/assets/images/parallax2.jpg]
[theembazaar.com/tf/educate/assets/images/parallax1.jpg]
[theembazaar.com/tf/educate/assets/images/corve.png]
[theembazaar.com/tf/educate/assets/images/bg-10.jpg]
[theembazaar.com/tf/educate/assets/images/bg-11.jpg]
[theembazaar.com/tf/educate/assets/images/people.jpg]
[theembazaar.com/tf/educate/assets/images/people1.jpg]
[theembazaar.com/tf/educate/assets/images/people2.jpg]
[theembazaar.com/tf/educate/assets/images/graph.jpg]
[theembazaar.com/tf/educate/assets/css/style.css]
[theembazaar.com/tf/educate/assets/images/hero-bg.jpg]
[theembazaar.com/tf/educate/assets/css/bootsnav.css]
[theembazaar.com/tf/educate/assets/images/finance-bg1.jpg]
[theembazaar.com/tf/educate/assets/images/finance-bg2.jpg]
[theembazaar.com/tf/educate/assets/images/finance-bg3.jpg]
[theembazaar.com/tf/educate/assets/images/finance-bg4.jpg]
[theembazaar.com/tf/educate/assets/images/testimonial-bd.jpg]
[theembazaar.com/tf/educate/assets/images/footer__bg-block.jpg]
[theembazaar.com/tf/educate/assets/css/index1.css]
[theembazaar.com/tf/educate/index-2.html]
[theembazaar.com/tf/educate/assets/css/index2.css]
[theembazaar.com/tf/educate/assets/css/footer.css]
[theembazaar.com/tf/educate/assets/js/jquery.countdown.min.js]
[theembazaar.com/tf/educate/index2.html]
[theembazaar.com/tf/educate/assets/css/bootsnav2.css]
[theembazaar.com/tf/educate/assets/css/index3.css]
[theembazaar.com/tf/educate/assets/images/logo3.png]
[theembazaar.com/tf/educate/assets/images/cate_1.jpg]
[theembazaar.com/tf/educate/assets/images/cate_2.jpg]
[theembazaar.com/tf/educate/assets/images/cate_3.jpg]
[theembazaar.com/tf/educate/assets/images/cate_4.jpg]
[theembazaar.com/tf/educate/assets/images/gallery/project-img.jpg]
[theembazaar.com/tf/educate/assets/images/gallery/project-img1.jpg]
[theembazaar.com/tf/educate/assets/images/gallery/project-img2.jpg]
[theembazaar.com/tf/educate/assets/images/gallery/project-img3.jpg]
[theembazaar.com/tf/educate/assets/images/portfolio3/1.jpg]
[theembazaar.com/tf/educate/assets/images/portfolio3/2.jpg]
[theembazaar.com/tf/educate/assets/images/portfolio3/3.jpg]
[theembazaar.com/tf/educate/assets/images/portfolio3/4.jpg]
[theembazaar.com/tf/educate/assets/images/portfolio3/5.jpg]
[theembazaar.com/tf/educate/assets/images/author.jpg]
[theembazaar.com/tf/educate/blog-details.html]
[theembazaar.com/tf/educate/index3.html]
[theembazaar.com/tf/educate/assets/images/blog.jpg]
[theembazaar.com/tf/educate/assets/images/about-1.jpg]
[theembazaar.com/tf/educate/assets/images/about-2.jpg]
[theembazaar.com/tf/educate/assets/images/client-logo/1.png]
[theembazaar.com/tf/educate/assets/images/client-logo/2.png]
[theembazaar.com/tf/educate/assets/images/client-logo/3.png]
[theembazaar.com/tf/educate/assets/images/client-logo/4.png]
[theembazaar.com/tf/educate/assets/images/client-logo/5.png]
[theembazaar.com/tf/educate/assets/images/client-logo/6.png]
[maps.google.com/maps/api/jse8d0]
[theembazaar.com/tf/educate/about.html]
[theembazaar.com/tf/educate/assets/images/flyer.jpg]
[theembazaar.com/tf/educate/about2.html]
[theembazaar.com/tf/educate/assets/images/2-1.jpg]
[theembazaar.com/tf/educate/assets/images/testimonial/1.jpg]
[theembazaar.com/tf/educate/assets/images/testimonial/2.jpg]
[theembazaar.com/tf/educate/assets/images/testimonial/3.jpg]
[theembazaar.com/tf/educate/about3.html]
[theembazaar.com/tf/educate/history.html]
[theembazaar.com/tf/educate/assets/js/jquery.accordion.js]
[theembazaar.com/tf/educate/career.html]
[theembazaar.com/tf/educate/assets/images/2.png]
[theembazaar.com/tf/educate/partnerships.html]
[theembazaar.com/tf/educate/assets/images/quote-author.jpg]
[theembazaar.com/tf/educate/leadership.html]
[theembazaar.com/tf/educate/assets/images/blog/blog-small-img.jpg]
[theembazaar.com/tf/educate/assets/images/blog/blog-small-img1.jpg]
[theembazaar.com/tf/educate/assets/images/blog/blog-small-img2.jpg]
[theembazaar.com/tf/educate/courses.html]
[theembazaar.com/tf/educate/courses-details.html]
[theembazaar.com/tf/educate/assets/images/blog/img2.jpg]
[theembazaar.com/tf/educate/assets/images/blog/img1.jpg]
[theembazaar.com/tf/educate/assets/images/blog/img3.jpg]
[theembazaar.com/tf/educate/blog.html]
[pagead2.googlesyndication.com/pagead/js/f.txt]
[theembazaar.com/tf/educate/assets/images/blog/6.jpg]
[theembazaar.com/tf/educate/assets/images/blog/5.jpg]
[theembazaar.com/tf/educate/assets/images/blog/1.jpg]
[theembazaar.com/tf/educate/assets/images/blog/2.jpg]
[theembazaar.com/tf/educate/assets/images/blog/3.jpg]
[theembazaar.com/tf/educate/blog-detail.html]
[theembazaar.com/tf/educate/event.html]
[theembazaar.com/tf/educate/event-details.html]
[theembazaar.com/tf/educate/assets/images/portfolio/1.jpg]
[theembazaar.com/tf/educate/project-details.html]
[theembazaar.com/tf/educate/assets/images/portfolio/9.jpg]
[theembazaar.com/tf/educate/assets/images/portfolio/8.jpg]
[theembazaar.com/tf/educate/assets/images/portfolio/4.jpg]
[theembazaar.com/tf/educate/assets/images/portfolio/5.jpg]
[theembazaar.com/tf/educate/assets/images/portfolio/6.jpg]
[theembazaar.com/tf/educate/assets/images/portfolio/7.jpg]
[theembazaar.com/tf/educate/assets/images/portfolio/10.jpg]
[theembazaar.com/tf/educate/assets/images/portfolio/11.jpg]
[theembazaar.com/tf/educate/assets/images/portfolio/12.jpg]
[theembazaar.com/tf/educate/assets/images/portfolio/13.jpg]
[theembazaar.com/tf/educate/portfolio-grid.html]
[theembazaar.com/tf/educate/assets/images/portfolio/14.jpg]
[theembazaar.com/tf/educate/assets/images/portfolio/17.jpg]
[theembazaar.com/tf/educate/assets/images/portfolio/34.jpg]
[theembazaar.com/tf/educate/assets/images/portfolio/32.jpg]
[theembazaar.com/tf/educate/assets/images/portfolio/21.jpg]
[theembazaar.com/tf/educate/assets/images/portfolio/22.jpg]
[theembazaar.com/tf/educate/assets/images/portfolio/29.jpg]
[theembazaar.com/tf/educate/assets/images/portfolio/23.jpg]
[theembazaar.com/tf/educate/assets/images/portfolio/24.jpg]
[theembazaar.com/tf/educate/assets/images/portfolio/25.jpg]
[theembazaar.com/tf/educate/portfolio-masonry.html]
[theembazaar.com/tf/educate/portfolio-single.html]
[theembazaar.com/tf/educate/assets/images/team/team1.jpg]
[theembazaar.com/tf/educate/assets/images/team/team2.jpg]
[theembazaar.com/tf/educate/assets/images/team/team3.jpg]
[theembazaar.com/tf/educate/assets/images/team/team4.jpg]
[theembazaar.com/tf/educate/lecturers.html]
[theembazaar.com/tf/educate/lecturers2.html]
[theembazaar.com/tf/educate/lecturer-details.html]
[theembazaar.com/tf/educate/pricing.html]
[theembazaar.com/tf/educate/faq.html]
[theembazaar.com/tf/educate/register.html]
[theembazaar.com/tf/educate/login.html]
[theembazaar.com/tf/educate/assets/images/user2-160x160.jpg]
[theembazaar.com/tf/educate/testimonial.html]
[theembazaar.com/tf/educate/404.html]
[theembazaar.com/tf/educate/blank.html]
[theembazaar.com/tf/educate/assets/images/shop/1.jpg]
[theembazaar.com/tf/educate/assets/images/shop/2.jpg]
[theembazaar.com/tf/educate/assets/images/shop/3.jpg]
[theembazaar.com/tf/educate/assets/images/shop/4.jpg]
[theembazaar.com/tf/educate/assets/images/shop/5.jpg]
[theembazaar.com/tf/educate/assets/images/shop/6.jpg]
[theembazaar.com/tf/educate/assets/images/shop/7.jpg]
[theembazaar.com/tf/educate/assets/images/shop/8.jpg]
[theembazaar.com/tf/educate/assets/images/shop/9.jpg]
[theembazaar.com/tf/educate/assets/images/shop/10.jpg]
[theembazaar.com/tf/educate/assets/images/shop/11.jpg]
[theembazaar.com/tf/educate/assets/images/shop/12.jpg]
[theembazaar.com/tf/educate/assets/js/jquery.prettyPhoto.js]
[theembazaar.com/tf/educate/assets/js/jquery.elevateZoom-3.0.8.min.js]
[theembazaar.com/tf/educate/shop.html]
[theembazaar.com/tf/educate/assets/js/price-filter.js]
[theembazaar.com/tf/educate/shop-sidebar.html]
[theembazaar.com/tf/educate/shop-details.html]
[theembazaar.com/tf/educate/cart.html]
[theembazaar.com/tf/educate/assets/images/paypal-card.png]
[theembazaar.com/tf/educate/checkout.html]
[theembazaar.com/tf/educate/assets/js/mail.js]
[theembazaar.com/tf/educate/contact.html]
[theembazaar.com/tf/educate/contact2.html]
[theembazaar.com/tf/educate/about_us.html]
[theembazaar.com/tf/educate/blog-single.html]
[theembazaar.com/tf/educate/assets/js/jquery.min.js]
[theembazaar.com/tf/educate/assets/js/plugin/jquery.easing.js]
[theembazaar.com/tf/educate/Popover requires tooltip.js]
[theembazaar.com/tf/educate/assets/js/bootstrap.min.js]
[theembazaar.com/tf/educate/assets/js/jquery.mousewheel-3.0.6.pack.js]
[theembazaar.com/tf/educate/assets/js/jquery.fancybox.pack.js]
[theembazaar.com/tf/educate/assets/js/plugin/owl.carousel.js]
[theembazaar.com/tf/educate/assets/js/imagesloaded.pkgd.min.js]
[theembazaar.com/tf/educate/assets/js/isotope.pkgd.min.js]
[theembazaar.com/tf/educate/assets/js/masonry.pkgd.min.js]
[theembazaar.com/tf/educate/assets/js/jquery.appear.js]
[theembazaar.com/tf/educate/assets/js/jquery.matchHeight-min.js]
[theembazaar.com/tf/educate/assets/js/jquery.parallax-1.1.3.js]
[theembazaar.com/tf/educate/TweenLite.js]
[theembazaar.com/tf/TweenLite.js]
[theembazaar.com/tf/educate/assets/js/jquery.themepunch.tools.min.js]
[theembazaar.com/tf/educate/Version/index.html]
[theembazaar.com/tf/educate/themepunch.revolution.min.js]
[theembazaar.com/tf/educate/jquery.themepunch.revolution.min.js]
[theembazaar.com/tf/educate/jquery.themepunch.revolution.js]
[theembazaar.com/tf/educate/assets/js/jquery.themepunch.revolution.min.js]
[theembazaar.com/tf/educate/assets/extensions/revolution.extension.slideanims.min.js]
[theembazaar.com/tf/educate/assets/extensions/revolution.extension.layeranimation.min.js]
[theembazaar.com/tf/educate/assets/extensions/revolution.extension.navigation.min.js]
[theembazaar.com/tf/educate/assets/extensions/revolution.extension.parallax.min.js]
[theembazaar.com/tf/educate/assets/js/jquery.revolution.js]
[theembazaar.com/tf/educate/assets/js/custom.js]
[theembazaar.com/hosting_popup/js/hots_popup.js]
[theembazaar.com/tf/educate/assets/fonts/glyphicons-halflings-regular.html]
[theembazaar.com/tf/educate/assets/fonts/glyphicons-halflings-regulard41d.html]
[theembazaar.com/tf/educate/assets/fonts/glyphicons-halflings-regular-2.html]
[theembazaar.com/tf/educate/assets/fonts/glyphicons-halflings-regular-3.html]
[theembazaar.com/tf/educate/assets/fonts/glyphicons-halflings-regular-4.html]
[theembazaar.com/tf/educate/assets/fonts/glyphicons-halflings-regular-5.html]
[theembazaar.com/tf/educate/assets/fonts/fontawesome-webfont3295.svg]
[theembazaar.com/tf/educate/assets/fonts/ionicons28b5.svg]
[theembazaar.com/tf/educate/assets/images/light-box/fancybox_loading.html]
[theembazaar.com/tf/educate/assets/css/plugin/owl.video.play.html]
[theembazaar.com/tf/educate/assets/fonts/revicons/revicons90c6.svg]
[theembazaar.com/tf/educate/assets/css/openhand.html]
[theembazaar.com/tf/educate/assets/css/closedhand.html]
[theembazaar.com/tf/educate/assets/assets/gridtile.html]
[theembazaar.com/tf/educate/assets/assets/gridtile_white.html]
[theembazaar.com/tf/educate/assets/assets/gridtile_3x3.html]
[theembazaar.com/tf/educate/assets/assets/gridtile_3x3_white.html]
[theembazaar.com/tf/educate/assets/assets/coloredbg.html]
[theembazaar.com/tf/educate/assets/assets/loader.html]
[theembazaar.com/tf/educate/assets/images/02.html]
[theembazaar.com/tf/educate/assets/images/2.jpg]
[theembazaar.com/tf/educate/assets/images/slider.jpg]
[theembazaar.com/tf/educate/assets/css/index2.css]
[theembazaar.com/tf/educate/assets/css/footer.css]
[theembazaar.com/tf/educate/assets/js/jquery.countdown.min.js]
[theembazaar.com/tf/educate/assets/css/bootsnav2.css]
[theembazaar.com/tf/educate/assets/images/counter-bg.jpg]
[theembazaar.com/tf/educate/assets/css/index3.css]
[theembazaar.com/tf/educate/blog-details.html]
[theembazaar.com/tf/educate/assets/js/jquery.accordion.js]
[theembazaar.com/tf/educate/project-details.html]
[theembazaar.com/tf/educate/assets/js/jquery.prettyPhoto.js]
[theembazaar.com/tf/educate/assets/js/jquery.elevateZoom-3.0.8.min.js]
[theembazaar.com/tf/educate/assets/js/price-filter.js]
[theembazaar.com/tf/educate/mail.html]
[theembazaar.com/tf/educate/assets/js/mail.js]
[theembazaar.com/tf/educate/Popover requires tooltip.html]
[theembazaar.com/tf/educate/TweenLite.html]
[theembazaar.com/tf/educate/Version/index.html]
[theembazaar.com/tf/TweenLite.html]
[theembazaar.com/tf/educate/themepunch.revolution.min.html]
[theembazaar.com/tf/educate/jquery.themepunch.revolution.min.html]
[theembazaar.com/tf/educate/jquery.themepunch.revolution.html]
[theembazaar.com/tf/educate/assets/images/slider.html]
[theembazaar.com/tf/educate/youtu.be/index.html]
[theembazaar.com/tf/educate/youtu.be/index.html]
[theembazaar.com/tf/educate/mail.html]
